[manuais.pages.iessanclemente.net/plantillas/dam/ad/index.html]
[backblue.gif]
[fade.gif]
[index.html]
[manuais.pages.iessanclemente.net/plantillas/dam/ad/index.xml]
[manuais.pages.iessanclemente.net/plantillas/dam/ad/index.searchindex.html]
[manuais.pages.iessanclemente.net/plantillas/dam/ad/index.print.html]
[manuais.pages.iessanclemente.net/plantillas/dam/ad/fonts/fontawesome/css/fontawesome-all.min3c2e.css]
[manuais.pages.iessanclemente.net/plantillas/dam/ad/css/perfect-scrollbar/perfect-scrollbar.min3c2e.css]
[manuais.pages.iessanclemente.net/plantillas/dam/ad/css/theme.min3c2e.css]
[manuais.pages.iessanclemente.net/plantillas/dam/ad/css/format-html.min3c2e.css]
[manuais.pages.iessanclemente.net/plantillas/dam/ad/css/auto-complete/auto-complete.min3c2e.css]
[manuais.pages.iessanclemente.net/plantillas/dam/ad/js/auto-complete/auto-complete.min3c2e.js]
[manuais.pages.iessanclemente.net/plantillas/dam/ad/js/lunr/lunr.min3c2e.js]
[manuais.pages.iessanclemente.net/plantillas/dam/ad/js/lunr/lunr.stemmer.support.min3c2e.js]
[manuais.pages.iessanclemente.net/plantillas/dam/ad/js/lunr/lunr.multi.min3c2e.js]
[manuais.pages.iessanclemente.net/plantillas/dam/ad/js/lunr/lunr.es.min3c2e.js]
[manuais.pages.iessanclemente.net/plantillas/dam/ad/js/search.min3c2e.js]
[manuais.pages.iessanclemente.net/plantillas/dam/ad/searchindex.es3c2e.js]
[manuais.pages.iessanclemente.net/plantillas/dam/ad/00ayudas/index.html]
[manuais.pages.iessanclemente.net/plantillas/dam/ad/images/logo-ies.png]
[manuais.pages.iessanclemente.net/plantillas/dam/ad/00ayudas/00configjava/index.html]
[manuais.pages.iessanclemente.net/plantillas/dam/ad/00ayudas/00configjava/01jarfiles/index.html]
[manuais.pages.iessanclemente.net/plantillas/dam/ad/00ayudas/00configjava/02jarwithmaven/index.html]
[manuais.pages.iessanclemente.net/plantillas/dam/ad/00ayudas/00configjava/03dependencias/index.html]
[manuais.pages.iessanclemente.net/plantillas/dam/ad/00ayudas/02javageneral/index.html]
[manuais.pages.iessanclemente.net/plantillas/dam/ad/00ayudas/02javageneral/01streamapi/index.html]
[manuais.pages.iessanclemente.net/plantillas/dam/ad/00ayudas/02javageneral/02urlfiles/index.html]
[manuais.pages.iessanclemente.net/plantillas/dam/ad/00ayudas/02javageneral/03hashcode/index.html]
[manuais.pages.iessanclemente.net/plantillas/dam/ad/00ayudas/03layouts/index.html]
[manuais.pages.iessanclemente.net/plantillas/dam/ad/00ayudas/03layouts/00dialogosenswing/index.html]
[manuais.pages.iessanclemente.net/plantillas/dam/ad/00ayudas/03layouts/05gridbaglayout/index.html]
[manuais.pages.iessanclemente.net/plantillas/dam/ad/00ayudas/04patronesdisenho/index.html]
[manuais.pages.iessanclemente.net/plantillas/dam/ad/00ayudas/04patronesdisenho/01designprinciples/index.html]
[manuais.pages.iessanclemente.net/plantillas/dam/ad/00ayudas/04patronesdisenho/02singleton/index.html]
[manuais.pages.iessanclemente.net/plantillas/dam/ad/00ayudas/04patronesdisenho/03objetosinmutables/index.html]
[manuais.pages.iessanclemente.net/plantillas/dam/ad/00ayudas/05kotlin/index.html]
[manuais.pages.iessanclemente.net/plantillas/dam/ad/00ayudas/05kotlin/01progestructurada/index.html]
[manuais.pages.iessanclemente.net/plantillas/dam/ad/00ayudas/05kotlin/01progestructurada/10.-la_funcion_main/index.html]
[manuais.pages.iessanclemente.net/plantillas/dam/ad/00ayudas/05kotlin/01progestructurada/20.-la_funcion-print-_y-_println/index.html]
[manuais.pages.iessanclemente.net/plantillas/dam/ad/00ayudas/05kotlin/01progestructurada/30.-comentarios/index.html]
[manuais.pages.iessanclemente.net/plantillas/dam/ad/00ayudas/05kotlin/01progestructurada/40.-variables-_-literales-_y_-sentencia_-de_-asignación/index.html]
[manuais.pages.iessanclemente.net/plantillas/dam/ad/00ayudas/05kotlin/01progestructurada/50.-palabras_reservadas/index.html]
[manuais.pages.iessanclemente.net/plantillas/dam/ad/00ayudas/05kotlin/01progestructurada/tipos_de_datos_y_operadores_basicos/index.html]
[manuais.pages.iessanclemente.net/plantillas/dam/ad/00ayudas/05kotlin/01progestructurada/tipos_de_datos_y_operadores_basicos/60.tipos_de_datos_basicos/index.html]
[manuais.pages.iessanclemente.net/plantillas/dam/ad/00ayudas/05kotlin/01progestructurada/tipos_de_datos_y_operadores_basicos/70.tipos_numericos/index.html]
[manuais.pages.iessanclemente.net/plantillas/dam/ad/00ayudas/05kotlin/01progestructurada/tipos_de_datos_y_operadores_basicos/80.tipos_no_-numericos/index.html]
[manuais.pages.iessanclemente.net/plantillas/dam/ad/00ayudas/05kotlin/01progestructurada/tipos_de_datos_y_operadores_basicos/90.conversion_de_tipos/index.html]
[manuais.pages.iessanclemente.net/plantillas/dam/ad/00ayudas/05kotlin/01progestructurada/tipos_de_datos_y_operadores_basicos/100.-operadores/index.html]
[manuais.pages.iessanclemente.net/plantillas/dam/ad/00ayudas/05kotlin/01progestructurada/tipos_de_datos_y_operadores_basicos/110.-expresiones_booleanas/index.html]
[manuais.pages.iessanclemente.net/plantillas/dam/ad/00ayudas/05kotlin/01progestructurada/coleccionesbasicas/index.html]
[manuais.pages.iessanclemente.net/plantillas/dam/ad/00ayudas/05kotlin/01progestructurada/coleccionesbasicas/120.-string/index.html]
[manuais.pages.iessanclemente.net/plantillas/dam/ad/00ayudas/05kotlin/01progestructurada/coleccionesbasicas/130.-listas/index.html]
[manuais.pages.iessanclemente.net/plantillas/dam/ad/00ayudas/05kotlin/01progestructurada/coleccionesbasicas/140.rangos-/index.html]
[manuais.pages.iessanclemente.net/plantillas/dam/ad/00ayudas/05kotlin/01progestructurada/150.-entrada_teclado/index.html]
[manuais.pages.iessanclemente.net/plantillas/dam/ad/00ayudas/05kotlin/01progestructurada/control_de_-flujo/index.html]
[manuais.pages.iessanclemente.net/plantillas/dam/ad/00ayudas/05kotlin/01progestructurada/control_de_-flujo/151.-control_de_flujo/index.html]
[manuais.pages.iessanclemente.net/plantillas/dam/ad/00ayudas/05kotlin/01progestructurada/control_de_-flujo/160.-sentencia_condicional_if/index.html]
[manuais.pages.iessanclemente.net/plantillas/dam/ad/00ayudas/05kotlin/01progestructurada/control_de_-flujo/190.-sentecia_when/index.html]
[manuais.pages.iessanclemente.net/plantillas/dam/ad/00ayudas/05kotlin/01progestructurada/control_de_-flujo/200.-bucle_for/index.html]
[manuais.pages.iessanclemente.net/plantillas/dam/ad/00ayudas/05kotlin/01progestructurada/control_de_-flujo/210.-while_y_do_while/index.html]
[manuais.pages.iessanclemente.net/plantillas/dam/ad/00ayudas/05kotlin/01progestructurada/control_de_-flujo/220.-variables_locales_y_bloques/index.html]
[manuais.pages.iessanclemente.net/plantillas/dam/ad/00ayudas/05kotlin/01progestructurada/control_de_-flujo/230.-break_y_continue/index.html]
[manuais.pages.iessanclemente.net/plantillas/dam/ad/00ayudas/05kotlin/01progestructurada/control_de_-flujo/240.otras_formas_de_iterar/index.html]
[manuais.pages.iessanclemente.net/plantillas/dam/ad/00ayudas/05kotlin/01progestructurada/250.-funciones/index.html]
[manuais.pages.iessanclemente.net/plantillas/dam/ad/00ayudas/05kotlin/01progestructurada/260.el_valor_nulo/index.html]
[manuais.pages.iessanclemente.net/plantillas/dam/ad/00ayudas/05kotlin/01progestructurada/270.-readline/index.html]
[manuais.pages.iessanclemente.net/plantillas/dam/ad/00ayudas/05kotlin/01progestructurada/mas_sobre_colecciones_basicas/index.html]
[manuais.pages.iessanclemente.net/plantillas/dam/ad/00ayudas/05kotlin/01progestructurada/mas_sobre_colecciones_basicas/310.-arrays/index.html]
[manuais.pages.iessanclemente.net/plantillas/dam/ad/00ayudas/05kotlin/01progestructurada/mas_sobre_colecciones_basicas/320.-listas/index.html]
[manuais.pages.iessanclemente.net/plantillas/dam/ad/00ayudas/05kotlin/01progestructurada/mas_sobre_colecciones_basicas/330.rangos-/index.html]
[manuais.pages.iessanclemente.net/plantillas/dam/ad/00ayudas/05kotlin/01progestructurada/mas_sobre_colecciones_basicas/340.mapas-/index.html]
[manuais.pages.iessanclemente.net/plantillas/dam/ad/00ayudas/05kotlin/01progestructurada/mas_sobre_colecciones_basicas/350.iterar_sobre_colecciones/index.html]
[manuais.pages.iessanclemente.net/plantillas/dam/ad/00ayudas/05kotlin/02progoo/index.html]
[manuais.pages.iessanclemente.net/plantillas/dam/ad/00ayudas/05kotlin/02progoo/1010.objetos_y_clases/index.html]
[manuais.pages.iessanclemente.net/plantillas/dam/ad/00ayudas/05kotlin/02progoo/1020.constructores-/index.html]
[manuais.pages.iessanclemente.net/plantillas/dam/ad/00ayudas/05kotlin/02progoo/1030.propiedades/index.html]
[manuais.pages.iessanclemente.net/plantillas/dam/ad/00ayudas/05kotlin/02progoo/1040.sobreescribir_tostring/index.html]
[manuais.pages.iessanclemente.net/plantillas/dam/ad/00ayudas/05kotlin/02progoo/1060.modificadoresvisibilidad/index.html]
[manuais.pages.iessanclemente.net/plantillas/dam/ad/00ayudas/05kotlin/02progoo/1070.enum/index.html]
[manuais.pages.iessanclemente.net/plantillas/dam/ad/00ayudas/05kotlin/02progoo/1100.composicion/index.html]
[manuais.pages.iessanclemente.net/plantillas/dam/ad/00ayudas/05kotlin/02progoo/1200.herencia/index.html]
[manuais.pages.iessanclemente.net/plantillas/dam/ad/00ayudas/05kotlin/02progoo/1220.clases_abstractas_interfaces/index.html]
[manuais.pages.iessanclemente.net/plantillas/dam/ad/00ayudas/05kotlin/02progoo/1240.dataclases/index.html]
[manuais.pages.iessanclemente.net/plantillas/dam/ad/00ayudas/05kotlin/02progoo/1250.keywordobject/index.html]
[manuais.pages.iessanclemente.net/plantillas/dam/ad/00ayudas/05kotlin/02progoo/1255.excepciones/index.html]
[manuais.pages.iessanclemente.net/plantillas/dam/ad/00ayudas/05kotlin/02progoo/1260.genericos/index.html]
[manuais.pages.iessanclemente.net/plantillas/dam/ad/00ayudas/05kotlin/02progoo/1265.clausulatypealiases/index.html]
[manuais.pages.iessanclemente.net/plantillas/dam/ad/00ayudas/05kotlin/02progoo/1270.delegacion/index.html]
[manuais.pages.iessanclemente.net/plantillas/dam/ad/00ayudas/05kotlin/02progoo/1280.claesanidadaseinternas/index.html]
[manuais.pages.iessanclemente.net/plantillas/dam/ad/00ayudas/05kotlin/03progfuncional/index.html]
[manuais.pages.iessanclemente.net/plantillas/dam/ad/00ayudas/05kotlin/03progfuncional/2010.funcioneskotlin/index.html]
[manuais.pages.iessanclemente.net/plantillas/dam/ad/00ayudas/05kotlin/03progfuncional/2020.-basesdepf/index.html]
[manuais.pages.iessanclemente.net/plantillas/dam/ad/00ayudas/05kotlin/03progfuncional/2030.funcionesordensuperiorcolecciones/index.html]
[manuais.pages.iessanclemente.net/plantillas/dam/ad/00ayudas/05kotlin/03progfuncional/2040.funcionesordensuperiorysequence/index.html]
[manuais.pages.iessanclemente.net/plantillas/dam/ad/01accesoficheros/index.html]
[manuais.pages.iessanclemente.net/plantillas/dam/ad/01accesoficheros/01javaio/index.html]
[manuais.pages.iessanclemente.net/plantillas/dam/ad/01accesoficheros/01javaio/0100javaiointro/index.html]
[manuais.pages.iessanclemente.net/plantillas/dam/ad/01accesoficheros/01javaio/0101javaiofile/index.html]
[manuais.pages.iessanclemente.net/plantillas/dam/ad/01accesoficheros/01javaio/0102randomaccessfile/index.html]
[manuais.pages.iessanclemente.net/plantillas/dam/ad/01accesoficheros/01javaio/0103javaiostreams/index.html]
[manuais.pages.iessanclemente.net/plantillas/dam/ad/01accesoficheros/01javaio/0104bytestream/index.html]
[manuais.pages.iessanclemente.net/plantillas/dam/ad/01accesoficheros/01javaio/0105characterstream/index.html]
[manuais.pages.iessanclemente.net/plantillas/dam/ad/01accesoficheros/01javaio/0106javaiobuffer/index.html]
[manuais.pages.iessanclemente.net/plantillas/dam/ad/01accesoficheros/01javaio/0107javaistream/index.html]
[manuais.pages.iessanclemente.net/plantillas/dam/ad/01accesoficheros/01javaio/0109ejercicios/index.html]
[manuais.pages.iessanclemente.net/plantillas/dam/ad/01accesoficheros/02javanio2/index.html]
[manuais.pages.iessanclemente.net/plantillas/dam/ad/01accesoficheros/02javanio2/0202javaniopath/index.html]
[manuais.pages.iessanclemente.net/plantillas/dam/ad/01accesoficheros/02javanio2/0203javaniopathcreate/index.html]
[manuais.pages.iessanclemente.net/plantillas/dam/ad/01accesoficheros/02javanio2/0204javaniopath/index.html]
[manuais.pages.iessanclemente.net/plantillas/dam/ad/01accesoficheros/02javanio2/0205javaniopathmethods/index.html]
[manuais.pages.iessanclemente.net/plantillas/dam/ad/01accesoficheros/02javanio2/0206javaniostreams/index.html]
[manuais.pages.iessanclemente.net/plantillas/dam/ad/01accesoficheros/03json/index.html]
[manuais.pages.iessanclemente.net/plantillas/dam/ad/01accesoficheros/03json/0300jsonintro/index.html]
[manuais.pages.iessanclemente.net/plantillas/dam/ad/01accesoficheros/03json/0301jsonjs/index.html]
[manuais.pages.iessanclemente.net/plantillas/dam/ad/01accesoficheros/03json/0302jsonlibraries/index.html]
[manuais.pages.iessanclemente.net/plantillas/dam/ad/01accesoficheros/03json/0304gson/index.html]
[manuais.pages.iessanclemente.net/plantillas/dam/ad/01accesoficheros/03json/0304gsondiagram/index.html]
[manuais.pages.iessanclemente.net/plantillas/dam/ad/01accesoficheros/03json/0305gsoncreate/index.html]
[manuais.pages.iessanclemente.net/plantillas/dam/ad/01accesoficheros/03json/0306creaciongson/index.html]
[manuais.pages.iessanclemente.net/plantillas/dam/ad/01accesoficheros/03json/0306transformacion/index.html]
[manuais.pages.iessanclemente.net/plantillas/dam/ad/01accesoficheros/03json/0307jsonreader01/index.html]
[manuais.pages.iessanclemente.net/plantillas/dam/ad/01accesoficheros/03json/0308jsonrename/index.html]
[manuais.pages.iessanclemente.net/plantillas/dam/ad/01accesoficheros/03json/0309jsonserialize/index.html]
[manuais.pages.iessanclemente.net/plantillas/dam/ad/01accesoficheros/03json/0310jsondeserialize/index.html]
[manuais.pages.iessanclemente.net/plantillas/dam/ad/01accesoficheros/03json/098ejercicio/index.html]
[manuais.pages.iessanclemente.net/plantillas/dam/ad/01accesoficheros/0105ejercicios/index.html]
[manuais.pages.iessanclemente.net/plantillas/dam/ad/02accesobd/index.html]
[manuais.pages.iessanclemente.net/plantillas/dam/ad/02accesobd/02db/index.html]
[manuais.pages.iessanclemente.net/plantillas/dam/ad/02accesobd/02db/0101databases/index.html]
[manuais.pages.iessanclemente.net/plantillas/dam/ad/02accesobd/02db/0102introdb/index.html]
[manuais.pages.iessanclemente.net/plantillas/dam/ad/02accesobd/02db/0103postgresql/index.html]
[manuais.pages.iessanclemente.net/plantillas/dam/ad/02accesobd/02db/0104postgres01/index.html]
[manuais.pages.iessanclemente.net/plantillas/dam/ad/02accesobd/03procesandosql/index.html]
[manuais.pages.iessanclemente.net/plantillas/dam/ad/02accesobd/03procesandosql/0102conexiones/index.html]
[manuais.pages.iessanclemente.net/plantillas/dam/ad/02accesobd/03procesandosql/0101procesamientosql/index.html]
[manuais.pages.iessanclemente.net/plantillas/dam/ad/02accesobd/03procesandosql/0103excepcionessql/index.html]
[manuais.pages.iessanclemente.net/plantillas/dam/ad/02accesobd/03procesandosql/0104resultset/index.html]
[manuais.pages.iessanclemente.net/plantillas/dam/ad/02accesobd/03procesandosql/0105resultsetbatch/index.html]
[manuais.pages.iessanclemente.net/plantillas/dam/ad/02accesobd/03procesandosql/0106preparedst/index.html]
[manuais.pages.iessanclemente.net/plantillas/dam/ad/02accesobd/03procesandosql/0107transacciones/index.html]
[manuais.pages.iessanclemente.net/plantillas/dam/ad/02accesobd/03procesandosql/0108clavesgeneradas/index.html]
[manuais.pages.iessanclemente.net/plantillas/dam/ad/02accesobd/03procesandosql/0109largeobjects/index.html]
[manuais.pages.iessanclemente.net/plantillas/dam/ad/02accesobd/03procesandosql/0111rowset/index.html]
[manuais.pages.iessanclemente.net/plantillas/dam/ad/02accesobd/03procesandosql/0115boletines/index.html]
[manuais.pages.iessanclemente.net/plantillas/dam/ad/02accesobd/99proyecto/index.html]
[manuais.pages.iessanclemente.net/plantillas/dam/ad/03orm/index.html]
[manuais.pages.iessanclemente.net/plantillas/dam/ad/03orm/jpa/index.html]
[manuais.pages.iessanclemente.net/plantillas/dam/ad/03orm/jpa/01jpa/index.html]
[manuais.pages.iessanclemente.net/plantillas/dam/ad/03orm/jpa/02jpavshibernate/index.html]
[manuais.pages.iessanclemente.net/plantillas/dam/ad/03orm/jpa/03jpaejercicio/index.html]
[manuais.pages.iessanclemente.net/plantillas/dam/ad/03orm/jpa/04entitymanager/index.html]
[manuais.pages.iessanclemente.net/plantillas/dam/ad/03orm/jpa/05mapeoentidades/index.html]
[manuais.pages.iessanclemente.net/plantillas/dam/ad/03orm/jpa/06relaciones/index.html]
[manuais.pages.iessanclemente.net/plantillas/dam/ad/03orm/jpa/07embedidos/index.html]
[manuais.pages.iessanclemente.net/plantillas/dam/ad/03orm/jpa/08colecciones/index.html]
[manuais.pages.iessanclemente.net/plantillas/dam/ad/03orm/jpa/09queries/index.html]
[manuais.pages.iessanclemente.net/plantillas/dam/ad/03orm/jpa/10jpql/index.html]
[manuais.pages.iessanclemente.net/plantillas/dam/ad/03orm/jpa/11paginacion/index.html]
[manuais.pages.iessanclemente.net/plantillas/dam/ad/03orm/jpa/12herencia/index.html]
[manuais.pages.iessanclemente.net/plantillas/dam/ad/03orm/jpa/14ejercicios/index.html]
[manuais.pages.iessanclemente.net/plantillas/dam/ad/03orm/jpa/15boletines/index.html]
[manuais.pages.iessanclemente.net/plantillas/dam/ad/03orm/jpa/16dependencias/index.html]
[manuais.pages.iessanclemente.net/plantillas/dam/ad/03orm/95singleton/index.html]
[manuais.pages.iessanclemente.net/plantillas/dam/ad/03orm/96ejerciciosrepaso/index.html]
[manuais.pages.iessanclemente.net/plantillas/dam/ad/03orm/97ejerciciosrepaso2/index.html]
[manuais.pages.iessanclemente.net/plantillas/dam/ad/03orm/98ejerciciosrepaso3/index.html]
[manuais.pages.iessanclemente.net/plantillas/dam/ad/04spring/index.html]
[manuais.pages.iessanclemente.net/plantillas/dam/ad/04spring/01springboot/index.html]
[manuais.pages.iessanclemente.net/plantillas/dam/ad/04spring/02springdata/index.html]
[manuais.pages.iessanclemente.net/plantillas/dam/ad/04spring/03practicajpadata/index.html]
[manuais.pages.iessanclemente.net/plantillas/dam/ad/04spring/04repositorios/index.html]
[manuais.pages.iessanclemente.net/plantillas/dam/ad/04spring/05paginacion/index.html]
[manuais.pages.iessanclemente.net/plantillas/dam/ad/04spring/06paginacionrest/index.html]
[manuais.pages.iessanclemente.net/plantillas/dam/ad/04spring/07vaadin/index.html]
[manuais.pages.iessanclemente.net/plantillas/dam/ad/04spring/08ejecutores/index.html]
[manuais.pages.iessanclemente.net/plantillas/dam/ad/04spring/09serviciocompo/index.html]
[manuais.pages.iessanclemente.net/plantillas/dam/ad/04spring/10servicios/index.html]
[manuais.pages.iessanclemente.net/plantillas/dam/ad/04spring/11proyecto/index.html]
[manuais.pages.iessanclemente.net/plantillas/dam/ad/04spring/11proyecto/01modelo/index.html]
[manuais.pages.iessanclemente.net/plantillas/dam/ad/04spring/11proyecto/02dto/index.html]
[manuais.pages.iessanclemente.net/plantillas/dam/ad/04spring/11proyecto/03repositorios/index.html]
[manuais.pages.iessanclemente.net/plantillas/dam/ad/04spring/11proyecto/04controller/index.html]
[manuais.pages.iessanclemente.net/plantillas/dam/ad/04spring/11proyecto/05resultados/index.html]
[manuais.pages.iessanclemente.net/plantillas/dam/ad/04spring/12springproj/index.html]
[manuais.pages.iessanclemente.net/plantillas/dam/ad/05basesdatosnonsql/index.html]
[manuais.pages.iessanclemente.net/plantillas/dam/ad/05basesdatosnonsql/mongodb/01nosql/index.html]
[manuais.pages.iessanclemente.net/plantillas/dam/ad/05basesdatosnonsql/mongodb/03springmongodb/index.html]
[manuais.pages.iessanclemente.net/plantillas/dam/ad/git/index.html]
[manuais.pages.iessanclemente.net/plantillas/dam/ad/git/1.introduccion_git/index.html]
[manuais.pages.iessanclemente.net/plantillas/dam/ad/git/1.introduccion_git/1.introduccion_git/index.html]
[manuais.pages.iessanclemente.net/plantillas/dam/ad/git/1.introduccion_git/2.estados_git/index.html]
[manuais.pages.iessanclemente.net/plantillas/dam/ad/git/1.introduccion_git/3.instalacion_git/index.html]
[manuais.pages.iessanclemente.net/plantillas/dam/ad/git/2.fundamentos_git/index.html]
[manuais.pages.iessanclemente.net/plantillas/dam/ad/git/2.fundamentos_git/1.configuracion_git/index.html]
[manuais.pages.iessanclemente.net/plantillas/dam/ad/git/2.fundamentos_git/2.inicializar_repo/index.html]
[manuais.pages.iessanclemente.net/plantillas/dam/ad/git/2.fundamentos_git/3.cambios/index.html]
[manuais.pages.iessanclemente.net/plantillas/dam/ad/git/2.fundamentos_git/4.ignorar_archivos/index.html]
[manuais.pages.iessanclemente.net/plantillas/dam/ad/git/2.fundamentos_git/5.checkout/index.html]
[manuais.pages.iessanclemente.net/plantillas/dam/ad/git/2.fundamentos_git/6.log/index.html]
[manuais.pages.iessanclemente.net/plantillas/dam/ad/git/2.fundamentos_git/7.archivos_modificados/index.html]
[manuais.pages.iessanclemente.net/plantillas/dam/ad/git/2.fundamentos_git/8.cambios/index.html]
[manuais.pages.iessanclemente.net/plantillas/dam/ad/git/2.fundamentos_git/9.eliminar_archivos/index.html]
[manuais.pages.iessanclemente.net/plantillas/dam/ad/git/2.fundamentos_git/10.limitar/index.html]
[manuais.pages.iessanclemente.net/plantillas/dam/ad/git/3.remotos/index.html]
[manuais.pages.iessanclemente.net/plantillas/dam/ad/git/4.etiquetado/index.html]
[manuais.pages.iessanclemente.net/plantillas/dam/ad/git/5.ramas_git/index.html]
[manuais.pages.iessanclemente.net/plantillas/dam/ad/git/5.ramas_git/1.ramificaciones_git/index.html]
[manuais.pages.iessanclemente.net/plantillas/dam/ad/git/5.ramas_git/2.ramificaciones_remotas/index.html]
[manuais.pages.iessanclemente.net/plantillas/dam/ad/git/6.claves_ssh/index.html]
[mirrors.creativecommons.org/presskit/icons/cc.png]
[mirrors.creativecommons.org/presskit/icons/by.png]
[mirrors.creativecommons.org/presskit/icons/nc-eu.png]
[mirrors.creativecommons.org/presskit/icons/sa.png]
[manuais.pages.iessanclemente.net/plantillas/dam/ad/js/clipboard/clipboard.min3c2e.js]
[manuais.pages.iessanclemente.net/plantillas/dam/ad/js/perfect-scrollbar/perfect-scrollbar.min3c2e.js]
[manuais.pages.iessanclemente.net/plantillas/dam/ad/js/theme.min3c2e.js]
[manuais.pages.iessanclemente.net/plantillas/dam/ad/index.html]
[manuais.pages.iessanclemente.net/plantillas/dam/ad/index.print.html]
[manuais.pages.iessanclemente.net/plantillas/dam/ad/index.searchindex.html]
[manuais.pages.iessanclemente.net/plantillas/dam/ad/fonts/fontawesome/css/fontawesome-all.min3c2e.css]
[manuais.pages.iessanclemente.net/plantillas/dam/ad/css/perfect-scrollbar/perfect-scrollbar.min3c2e.css]
[manuais.pages.iessanclemente.net/plantillas/dam/ad/css/theme.min3c2e.css]
[manuais.pages.iessanclemente.net/plantillas/dam/ad/css/format-html.min3c2e.css]
[manuais.pages.iessanclemente.net/plantillas/dam/ad/css/auto-complete/auto-complete.min3c2e.css]
[manuais.pages.iessanclemente.net/plantillas/dam/ad/00ayudas/index.html]
[manuais.pages.iessanclemente.net/plantillas/dam/ad/00ayudas/00configjava/index.html]
[manuais.pages.iessanclemente.net/plantillas/dam/ad/00ayudas/00configjava/01jarfiles/index.html]
[manuais.pages.iessanclemente.net/plantillas/dam/ad/00ayudas/00configjava/02jarwithmaven/index.html]
[manuais.pages.iessanclemente.net/plantillas/dam/ad/00ayudas/00configjava/03dependencias/index.html]
[manuais.pages.iessanclemente.net/plantillas/dam/ad/00ayudas/02javageneral/index.html]
[manuais.pages.iessanclemente.net/plantillas/dam/ad/00ayudas/02javageneral/01streamapi/index.html]
[manuais.pages.iessanclemente.net/plantillas/dam/ad/00ayudas/02javageneral/02urlfiles/index.html]
[manuais.pages.iessanclemente.net/plantillas/dam/ad/00ayudas/02javageneral/03hashcode/index.html]
[manuais.pages.iessanclemente.net/plantillas/dam/ad/00ayudas/03layouts/index.html]
[manuais.pages.iessanclemente.net/plantillas/dam/ad/00ayudas/03layouts/00dialogosenswing/index.html]
[manuais.pages.iessanclemente.net/plantillas/dam/ad/00ayudas/03layouts/05gridbaglayout/index.html]
[manuais.pages.iessanclemente.net/plantillas/dam/ad/00ayudas/04patronesdisenho/index.html]
[manuais.pages.iessanclemente.net/plantillas/dam/ad/00ayudas/04patronesdisenho/01designprinciples/index.html]
[manuais.pages.iessanclemente.net/plantillas/dam/ad/00ayudas/04patronesdisenho/02singleton/index.html]
[manuais.pages.iessanclemente.net/plantillas/dam/ad/00ayudas/04patronesdisenho/03objetosinmutables/index.html]
[manuais.pages.iessanclemente.net/plantillas/dam/ad/00ayudas/05kotlin/index.html]
[manuais.pages.iessanclemente.net/plantillas/dam/ad/00ayudas/05kotlin/01progestructurada/index.html]
[manuais.pages.iessanclemente.net/plantillas/dam/ad/00ayudas/05kotlin/01progestructurada/10.-la_funcion_main/index.html]
[manuais.pages.iessanclemente.net/plantillas/dam/ad/00ayudas/05kotlin/01progestructurada/20.-la_funcion-print-_y-_println/index.html]
[manuais.pages.iessanclemente.net/plantillas/dam/ad/00ayudas/05kotlin/01progestructurada/30.-comentarios/index.html]
[manuais.pages.iessanclemente.net/plantillas/dam/ad/00ayudas/05kotlin/01progestructurada/40.-variables-_-literales-_y_-sentencia_-de_-asignación/index.html]
[manuais.pages.iessanclemente.net/plantillas/dam/ad/00ayudas/05kotlin/01progestructurada/50.-palabras_reservadas/index.html]
[manuais.pages.iessanclemente.net/plantillas/dam/ad/00ayudas/05kotlin/01progestructurada/tipos_de_datos_y_operadores_basicos/index.html]
[manuais.pages.iessanclemente.net/plantillas/dam/ad/00ayudas/05kotlin/01progestructurada/tipos_de_datos_y_operadores_basicos/60.tipos_de_datos_basicos/index.html]
[manuais.pages.iessanclemente.net/plantillas/dam/ad/00ayudas/05kotlin/01progestructurada/tipos_de_datos_y_operadores_basicos/70.tipos_numericos/index.html]
[manuais.pages.iessanclemente.net/plantillas/dam/ad/00ayudas/05kotlin/01progestructurada/tipos_de_datos_y_operadores_basicos/80.tipos_no_-numericos/index.html]
[manuais.pages.iessanclemente.net/plantillas/dam/ad/00ayudas/05kotlin/01progestructurada/tipos_de_datos_y_operadores_basicos/90.conversion_de_tipos/index.html]
[manuais.pages.iessanclemente.net/plantillas/dam/ad/00ayudas/05kotlin/01progestructurada/tipos_de_datos_y_operadores_basicos/100.-operadores/index.html]
[manuais.pages.iessanclemente.net/plantillas/dam/ad/00ayudas/05kotlin/01progestructurada/tipos_de_datos_y_operadores_basicos/110.-expresiones_booleanas/index.html]
[manuais.pages.iessanclemente.net/plantillas/dam/ad/00ayudas/05kotlin/01progestructurada/coleccionesbasicas/index.html]
[manuais.pages.iessanclemente.net/plantillas/dam/ad/00ayudas/05kotlin/01progestructurada/coleccionesbasicas/120.-string/index.html]
[manuais.pages.iessanclemente.net/plantillas/dam/ad/00ayudas/05kotlin/01progestructurada/coleccionesbasicas/130.-listas/index.html]
[manuais.pages.iessanclemente.net/plantillas/dam/ad/00ayudas/05kotlin/01progestructurada/coleccionesbasicas/140.rangos-/index.html]
[manuais.pages.iessanclemente.net/plantillas/dam/ad/00ayudas/05kotlin/01progestructurada/150.-entrada_teclado/index.html]
[manuais.pages.iessanclemente.net/plantillas/dam/ad/00ayudas/05kotlin/01progestructurada/control_de_-flujo/index.html]
[manuais.pages.iessanclemente.net/plantillas/dam/ad/00ayudas/05kotlin/01progestructurada/control_de_-flujo/151.-control_de_flujo/index.html]
[manuais.pages.iessanclemente.net/plantillas/dam/ad/00ayudas/05kotlin/01progestructurada/control_de_-flujo/160.-sentencia_condicional_if/index.html]
[manuais.pages.iessanclemente.net/plantillas/dam/ad/00ayudas/05kotlin/01progestructurada/control_de_-flujo/190.-sentecia_when/index.html]
[manuais.pages.iessanclemente.net/plantillas/dam/ad/00ayudas/05kotlin/01progestructurada/control_de_-flujo/200.-bucle_for/index.html]
[manuais.pages.iessanclemente.net/plantillas/dam/ad/00ayudas/05kotlin/01progestructurada/control_de_-flujo/210.-while_y_do_while/index.html]
[manuais.pages.iessanclemente.net/plantillas/dam/ad/00ayudas/05kotlin/01progestructurada/control_de_-flujo/220.-variables_locales_y_bloques/index.html]
[manuais.pages.iessanclemente.net/plantillas/dam/ad/00ayudas/05kotlin/01progestructurada/control_de_-flujo/230.-break_y_continue/index.html]
[manuais.pages.iessanclemente.net/plantillas/dam/ad/00ayudas/05kotlin/01progestructurada/control_de_-flujo/240.otras_formas_de_iterar/index.html]
[manuais.pages.iessanclemente.net/plantillas/dam/ad/00ayudas/05kotlin/01progestructurada/250.-funciones/index.html]
[manuais.pages.iessanclemente.net/plantillas/dam/ad/00ayudas/05kotlin/01progestructurada/260.el_valor_nulo/index.html]
[manuais.pages.iessanclemente.net/plantillas/dam/ad/00ayudas/05kotlin/01progestructurada/270.-readline/index.html]
[manuais.pages.iessanclemente.net/plantillas/dam/ad/00ayudas/05kotlin/01progestructurada/mas_sobre_colecciones_basicas/index.html]
[manuais.pages.iessanclemente.net/plantillas/dam/ad/00ayudas/05kotlin/01progestructurada/mas_sobre_colecciones_basicas/310.-arrays/index.html]
[manuais.pages.iessanclemente.net/plantillas/dam/ad/00ayudas/05kotlin/01progestructurada/mas_sobre_colecciones_basicas/320.-listas/index.html]
[manuais.pages.iessanclemente.net/plantillas/dam/ad/00ayudas/05kotlin/01progestructurada/mas_sobre_colecciones_basicas/330.rangos-/index.html]
[manuais.pages.iessanclemente.net/plantillas/dam/ad/00ayudas/05kotlin/01progestructurada/mas_sobre_colecciones_basicas/340.mapas-/index.html]
[manuais.pages.iessanclemente.net/plantillas/dam/ad/00ayudas/05kotlin/01progestructurada/mas_sobre_colecciones_basicas/350.iterar_sobre_colecciones/index.html]
[manuais.pages.iessanclemente.net/plantillas/dam/ad/00ayudas/05kotlin/02progoo/index.html]
[manuais.pages.iessanclemente.net/plantillas/dam/ad/00ayudas/05kotlin/02progoo/1010.objetos_y_clases/index.html]
[manuais.pages.iessanclemente.net/plantillas/dam/ad/00ayudas/05kotlin/02progoo/1020.constructores-/index.html]
[manuais.pages.iessanclemente.net/plantillas/dam/ad/00ayudas/05kotlin/02progoo/1030.propiedades/index.html]
[manuais.pages.iessanclemente.net/plantillas/dam/ad/00ayudas/05kotlin/02progoo/1040.sobreescribir_tostring/index.html]
[manuais.pages.iessanclemente.net/plantillas/dam/ad/00ayudas/05kotlin/02progoo/1060.modificadoresvisibilidad/index.html]
[manuais.pages.iessanclemente.net/plantillas/dam/ad/00ayudas/05kotlin/02progoo/1070.enum/index.html]
[manuais.pages.iessanclemente.net/plantillas/dam/ad/00ayudas/05kotlin/02progoo/1100.composicion/index.html]
[manuais.pages.iessanclemente.net/plantillas/dam/ad/00ayudas/05kotlin/02progoo/1200.herencia/index.html]
[manuais.pages.iessanclemente.net/plantillas/dam/ad/00ayudas/05kotlin/02progoo/1220.clases_abstractas_interfaces/index.html]
[manuais.pages.iessanclemente.net/plantillas/dam/ad/00ayudas/05kotlin/02progoo/1240.dataclases/index.html]
[manuais.pages.iessanclemente.net/plantillas/dam/ad/00ayudas/05kotlin/02progoo/1250.keywordobject/index.html]
[manuais.pages.iessanclemente.net/plantillas/dam/ad/00ayudas/05kotlin/02progoo/1255.excepciones/index.html]
[manuais.pages.iessanclemente.net/plantillas/dam/ad/00ayudas/05kotlin/02progoo/1260.genericos/index.html]
[manuais.pages.iessanclemente.net/plantillas/dam/ad/00ayudas/05kotlin/02progoo/1265.clausulatypealiases/index.html]
[manuais.pages.iessanclemente.net/plantillas/dam/ad/00ayudas/05kotlin/02progoo/1270.delegacion/index.html]
[manuais.pages.iessanclemente.net/plantillas/dam/ad/00ayudas/05kotlin/02progoo/1280.claesanidadaseinternas/index.html]
[manuais.pages.iessanclemente.net/plantillas/dam/ad/00ayudas/05kotlin/03progfuncional/index.html]
[manuais.pages.iessanclemente.net/plantillas/dam/ad/00ayudas/05kotlin/03progfuncional/2010.funcioneskotlin/index.html]
[manuais.pages.iessanclemente.net/plantillas/dam/ad/00ayudas/05kotlin/03progfuncional/2020.-basesdepf/index.html]
[manuais.pages.iessanclemente.net/plantillas/dam/ad/00ayudas/05kotlin/03progfuncional/2030.funcionesordensuperiorcolecciones/index.html]
[manuais.pages.iessanclemente.net/plantillas/dam/ad/00ayudas/05kotlin/03progfuncional/2040.funcionesordensuperiorysequence/index.html]
[manuais.pages.iessanclemente.net/plantillas/dam/ad/01accesoficheros/index.html]
[manuais.pages.iessanclemente.net/plantillas/dam/ad/01accesoficheros/01javaio/index.html]
[manuais.pages.iessanclemente.net/plantillas/dam/ad/01accesoficheros/01javaio/0100javaiointro/index.html]
[manuais.pages.iessanclemente.net/plantillas/dam/ad/01accesoficheros/01javaio/0101javaiofile/index.html]
[manuais.pages.iessanclemente.net/plantillas/dam/ad/01accesoficheros/01javaio/0102randomaccessfile/index.html]
[manuais.pages.iessanclemente.net/plantillas/dam/ad/01accesoficheros/01javaio/0103javaiostreams/index.html]
[manuais.pages.iessanclemente.net/plantillas/dam/ad/01accesoficheros/01javaio/0104bytestream/index.html]
[manuais.pages.iessanclemente.net/plantillas/dam/ad/01accesoficheros/01javaio/0105characterstream/index.html]
[manuais.pages.iessanclemente.net/plantillas/dam/ad/01accesoficheros/01javaio/0106javaiobuffer/index.html]
[manuais.pages.iessanclemente.net/plantillas/dam/ad/01accesoficheros/01javaio/0107javaistream/index.html]
[manuais.pages.iessanclemente.net/plantillas/dam/ad/01accesoficheros/01javaio/0109ejercicios/index.html]
[manuais.pages.iessanclemente.net/plantillas/dam/ad/01accesoficheros/02javanio2/index.html]
[manuais.pages.iessanclemente.net/plantillas/dam/ad/01accesoficheros/02javanio2/0202javaniopath/index.html]
[manuais.pages.iessanclemente.net/plantillas/dam/ad/01accesoficheros/02javanio2/0203javaniopathcreate/index.html]
[manuais.pages.iessanclemente.net/plantillas/dam/ad/01accesoficheros/02javanio2/0204javaniopath/index.html]
[manuais.pages.iessanclemente.net/plantillas/dam/ad/01accesoficheros/02javanio2/0205javaniopathmethods/index.html]
[manuais.pages.iessanclemente.net/plantillas/dam/ad/01accesoficheros/02javanio2/0206javaniostreams/index.html]
[manuais.pages.iessanclemente.net/plantillas/dam/ad/01accesoficheros/03json/index.html]
[manuais.pages.iessanclemente.net/plantillas/dam/ad/01accesoficheros/03json/0300jsonintro/index.html]
[manuais.pages.iessanclemente.net/plantillas/dam/ad/01accesoficheros/03json/0301jsonjs/index.html]
[manuais.pages.iessanclemente.net/plantillas/dam/ad/01accesoficheros/03json/0302jsonlibraries/index.html]
[manuais.pages.iessanclemente.net/plantillas/dam/ad/01accesoficheros/03json/0304gson/index.html]
[manuais.pages.iessanclemente.net/plantillas/dam/ad/01accesoficheros/03json/0304gsondiagram/index.html]
[manuais.pages.iessanclemente.net/plantillas/dam/ad/01accesoficheros/03json/0305gsoncreate/index.html]
[manuais.pages.iessanclemente.net/plantillas/dam/ad/01accesoficheros/03json/0306creaciongson/index.html]
[manuais.pages.iessanclemente.net/plantillas/dam/ad/01accesoficheros/03json/0306transformacion/index.html]
[manuais.pages.iessanclemente.net/plantillas/dam/ad/01accesoficheros/03json/0307jsonreader01/index.html]
[manuais.pages.iessanclemente.net/plantillas/dam/ad/01accesoficheros/03json/0308jsonrename/index.html]
[manuais.pages.iessanclemente.net/plantillas/dam/ad/01accesoficheros/03json/0309jsonserialize/index.html]
[manuais.pages.iessanclemente.net/plantillas/dam/ad/01accesoficheros/03json/0310jsondeserialize/index.html]
[manuais.pages.iessanclemente.net/plantillas/dam/ad/01accesoficheros/03json/098ejercicio/index.html]
[manuais.pages.iessanclemente.net/plantillas/dam/ad/01accesoficheros/0105ejercicios/index.html]
[manuais.pages.iessanclemente.net/plantillas/dam/ad/02accesobd/index.html]
[manuais.pages.iessanclemente.net/plantillas/dam/ad/02accesobd/02db/index.html]
[manuais.pages.iessanclemente.net/plantillas/dam/ad/02accesobd/02db/0101databases/index.html]
[manuais.pages.iessanclemente.net/plantillas/dam/ad/02accesobd/02db/0102introdb/index.html]
[manuais.pages.iessanclemente.net/plantillas/dam/ad/02accesobd/02db/0103postgresql/index.html]
[manuais.pages.iessanclemente.net/plantillas/dam/ad/02accesobd/02db/0104postgres01/index.html]
[manuais.pages.iessanclemente.net/plantillas/dam/ad/02accesobd/03procesandosql/index.html]
[manuais.pages.iessanclemente.net/plantillas/dam/ad/02accesobd/03procesandosql/0101procesamientosql/index.html]
[manuais.pages.iessanclemente.net/plantillas/dam/ad/02accesobd/03procesandosql/0102conexiones/index.html]
[manuais.pages.iessanclemente.net/plantillas/dam/ad/02accesobd/03procesandosql/0103excepcionessql/index.html]
[manuais.pages.iessanclemente.net/plantillas/dam/ad/02accesobd/03procesandosql/0104resultset/index.html]
[manuais.pages.iessanclemente.net/plantillas/dam/ad/02accesobd/03procesandosql/0105resultsetbatch/index.html]
[manuais.pages.iessanclemente.net/plantillas/dam/ad/02accesobd/03procesandosql/0106preparedst/index.html]
[manuais.pages.iessanclemente.net/plantillas/dam/ad/02accesobd/03procesandosql/0107transacciones/index.html]
[manuais.pages.iessanclemente.net/plantillas/dam/ad/02accesobd/03procesandosql/0108clavesgeneradas/index.html]
[manuais.pages.iessanclemente.net/plantillas/dam/ad/02accesobd/03procesandosql/0109largeobjects/index.html]
[manuais.pages.iessanclemente.net/plantillas/dam/ad/02accesobd/03procesandosql/0111rowset/index.html]
[manuais.pages.iessanclemente.net/plantillas/dam/ad/02accesobd/03procesandosql/0115boletines/index.html]
[manuais.pages.iessanclemente.net/plantillas/dam/ad/02accesobd/99proyecto/index.html]
[manuais.pages.iessanclemente.net/plantillas/dam/ad/03orm/index.html]
[manuais.pages.iessanclemente.net/plantillas/dam/ad/03orm/jpa/index.html]
[manuais.pages.iessanclemente.net/plantillas/dam/ad/03orm/jpa/01jpa/index.html]
[manuais.pages.iessanclemente.net/plantillas/dam/ad/03orm/jpa/02jpavshibernate/index.html]
[manuais.pages.iessanclemente.net/plantillas/dam/ad/03orm/jpa/03jpaejercicio/index.html]
[manuais.pages.iessanclemente.net/plantillas/dam/ad/03orm/jpa/04entitymanager/index.html]
[manuais.pages.iessanclemente.net/plantillas/dam/ad/03orm/jpa/05mapeoentidades/index.html]
[manuais.pages.iessanclemente.net/plantillas/dam/ad/03orm/jpa/06relaciones/index.html]
[manuais.pages.iessanclemente.net/plantillas/dam/ad/03orm/jpa/07embedidos/index.html]
[manuais.pages.iessanclemente.net/plantillas/dam/ad/03orm/jpa/08colecciones/index.html]
[manuais.pages.iessanclemente.net/plantillas/dam/ad/03orm/jpa/09queries/index.html]
[manuais.pages.iessanclemente.net/plantillas/dam/ad/03orm/jpa/10jpql/index.html]
[manuais.pages.iessanclemente.net/plantillas/dam/ad/03orm/jpa/11paginacion/index.html]
[manuais.pages.iessanclemente.net/plantillas/dam/ad/03orm/jpa/12herencia/index.html]
[manuais.pages.iessanclemente.net/plantillas/dam/ad/03orm/jpa/14ejercicios/index.html]
[manuais.pages.iessanclemente.net/plantillas/dam/ad/03orm/jpa/15boletines/index.html]
[manuais.pages.iessanclemente.net/plantillas/dam/ad/03orm/jpa/16dependencias/index.html]
[manuais.pages.iessanclemente.net/plantillas/dam/ad/03orm/95singleton/index.html]
[manuais.pages.iessanclemente.net/plantillas/dam/ad/03orm/96ejerciciosrepaso/index.html]
[manuais.pages.iessanclemente.net/plantillas/dam/ad/03orm/97ejerciciosrepaso2/index.html]
[manuais.pages.iessanclemente.net/plantillas/dam/ad/03orm/98ejerciciosrepaso3/index.html]
[manuais.pages.iessanclemente.net/plantillas/dam/ad/04spring/index.html]
[manuais.pages.iessanclemente.net/plantillas/dam/ad/04spring/01springboot/index.html]
[manuais.pages.iessanclemente.net/plantillas/dam/ad/04spring/02springdata/index.html]
[manuais.pages.iessanclemente.net/plantillas/dam/ad/04spring/03practicajpadata/index.html]
[manuais.pages.iessanclemente.net/plantillas/dam/ad/04spring/04repositorios/index.html]
[manuais.pages.iessanclemente.net/plantillas/dam/ad/04spring/05paginacion/index.html]
[manuais.pages.iessanclemente.net/plantillas/dam/ad/04spring/06paginacionrest/index.html]
[manuais.pages.iessanclemente.net/plantillas/dam/ad/04spring/07vaadin/index.html]
[manuais.pages.iessanclemente.net/plantillas/dam/ad/04spring/08ejecutores/index.html]
[manuais.pages.iessanclemente.net/plantillas/dam/ad/04spring/09serviciocompo/index.html]
[manuais.pages.iessanclemente.net/plantillas/dam/ad/04spring/10servicios/index.html]
[manuais.pages.iessanclemente.net/plantillas/dam/ad/04spring/11proyecto/index.html]
[manuais.pages.iessanclemente.net/plantillas/dam/ad/04spring/11proyecto/01modelo/index.html]
[manuais.pages.iessanclemente.net/plantillas/dam/ad/04spring/11proyecto/02dto/index.html]
[manuais.pages.iessanclemente.net/plantillas/dam/ad/04spring/11proyecto/03repositorios/index.html]
[manuais.pages.iessanclemente.net/plantillas/dam/ad/04spring/11proyecto/04controller/index.html]
[manuais.pages.iessanclemente.net/plantillas/dam/ad/04spring/11proyecto/05resultados/index.html]
[manuais.pages.iessanclemente.net/plantillas/dam/ad/04spring/12springproj/index.html]
[manuais.pages.iessanclemente.net/plantillas/dam/ad/05basesdatosnonsql/index.html]
[manuais.pages.iessanclemente.net/plantillas/dam/ad/05basesdatosnonsql/mongodb/01nosql/index.html]
[manuais.pages.iessanclemente.net/plantillas/dam/ad/05basesdatosnonsql/mongodb/03springmongodb/index.html]
[manuais.pages.iessanclemente.net/plantillas/dam/ad/git/index.html]
[manuais.pages.iessanclemente.net/plantillas/dam/ad/git/1.introduccion_git/index.html]
[manuais.pages.iessanclemente.net/plantillas/dam/ad/git/1.introduccion_git/1.introduccion_git/index.html]
[manuais.pages.iessanclemente.net/plantillas/dam/ad/git/1.introduccion_git/2.estados_git/index.html]
[manuais.pages.iessanclemente.net/plantillas/dam/ad/git/1.introduccion_git/3.instalacion_git/index.html]
[manuais.pages.iessanclemente.net/plantillas/dam/ad/git/2.fundamentos_git/index.html]
[manuais.pages.iessanclemente.net/plantillas/dam/ad/git/2.fundamentos_git/1.configuracion_git/index.html]
[manuais.pages.iessanclemente.net/plantillas/dam/ad/git/2.fundamentos_git/2.inicializar_repo/index.html]
[manuais.pages.iessanclemente.net/plantillas/dam/ad/git/2.fundamentos_git/3.cambios/index.html]
[manuais.pages.iessanclemente.net/plantillas/dam/ad/git/2.fundamentos_git/4.ignorar_archivos/index.html]
[manuais.pages.iessanclemente.net/plantillas/dam/ad/git/2.fundamentos_git/5.checkout/index.html]
[manuais.pages.iessanclemente.net/plantillas/dam/ad/git/2.fundamentos_git/6.log/index.html]
[manuais.pages.iessanclemente.net/plantillas/dam/ad/git/2.fundamentos_git/7.archivos_modificados/index.html]
[manuais.pages.iessanclemente.net/plantillas/dam/ad/git/2.fundamentos_git/8.cambios/index.html]
[manuais.pages.iessanclemente.net/plantillas/dam/ad/git/2.fundamentos_git/9.eliminar_archivos/index.html]
[manuais.pages.iessanclemente.net/plantillas/dam/ad/git/2.fundamentos_git/10.limitar/index.html]
[manuais.pages.iessanclemente.net/plantillas/dam/ad/git/3.remotos/index.html]
[manuais.pages.iessanclemente.net/plantillas/dam/ad/git/4.etiquetado/index.html]
[manuais.pages.iessanclemente.net/plantillas/dam/ad/git/5.ramas_git/index.html]
[manuais.pages.iessanclemente.net/plantillas/dam/ad/git/5.ramas_git/1.ramificaciones_git/index.html]
[manuais.pages.iessanclemente.net/plantillas/dam/ad/git/5.ramas_git/2.ramificaciones_remotas/index.html]
[manuais.pages.iessanclemente.net/plantillas/dam/ad/git/6.claves_ssh/index.html]
[manuais.pages.iessanclemente.net/plantillas/dam/ad/categories/index.html]
[manuais.pages.iessanclemente.net/plantillas/dam/ad/tags/index.html]
